// Jest Snapshot v1, https://goo.gl/fbAQLP

exports[`icon matches the snapshot 1`] = `
Object {
  "markup": "
    <script>
      let className = undefined;
      export { className as class };
      export let tabindex = undefined;
      export let focusable = false;
      export let title = undefined;
      export let style = 'will-change: transform;';

      const preserveAspectRatio = 'xMidYMid meet';
      const ariaLabel = $$props['aria-label'];
      const ariaLabelledBy = $$props['aria-labelledby'];
      const labelled = ariaLabel || ariaLabelledBy || title;
      const attributes = {
        'aria-label': ariaLabel,
        'aria-labelledby': ariaLabelledBy,
        'aria-hidden': labelled ? undefined : true,
        role: labelled ? 'img' : undefined,
        focusable: tabindex ? true : focusable,
        tabindex
      };
    </script>
    <svg
      on:click
      on:mouseover
      on:mouseenter
      on:mouseleave
      xmlns=\\"http://www.w3.org/2000/svg\\" viewBox=\\"0 0 16 16\\" width=\\"16\\" height=\\"16\\"
      class={className}
      {preserveAspectRatio}
      {style}
      {...attributes}>
      <path d=\\"M6.7 12.3L2.9 8.5H15v-1H2.9l3.8-3.8L6 3 1 8l5 5z\\"></path>
      <slot>
        {#if title}
          <title>{title}</title>
        {/if}
      </slot>
    </svg>
  ",
  "name": "arrow--left",
  "size": 16,
}
`;
